// Jest Snapshot v1, https://goo.gl/fbAQLP

exports[`Message component Message rendering 1`] = `
Object {
  "asFragment": [Function],
  "baseElement": <body>
    <div>
      <div
        class="wrapMessage"
        data-testid="message__block"
      >
        <div
          class="wrap"
        >
          <img
            class="avatar small"
            src="https://avatarfiles.alphacoders.com/798/79894.jpg"
          />
        </div>
        <div
          class="messageBlock"
          data-testid="message"
        >
          Lorem1 ipsum dolor sit amet, consectetur adipisicing elit. Accusamus aperiam beatae consequatur cupiditate delectus dolore est id maxime mollitia necessitatibus nemo, neque optio quidem quis recusandae sint sunt tempore vitae?
        </div>
      </div>
    </div>
  </body>,
  "container": <div>
    <div
      class="wrapMessage"
      data-testid="message__block"
    >
      <div
        class="wrap"
      >
        <img
          class="avatar small"
          src="https://avatarfiles.alphacoders.com/798/79894.jpg"
        />
      </div>
      <div
        class="messageBlock"
        data-testid="message"
      >
        Lorem1 ipsum dolor sit amet, consectetur adipisicing elit. Accusamus aperiam beatae consequatur cupiditate delectus dolore est id maxime mollitia necessitatibus nemo, neque optio quidem quis recusandae sint sunt tempore vitae?
      </div>
    </div>
  </div>,
  "debug": [Function],
  "findAllByAltText": [Function],
  "findAllByDisplayValue": [Function],
  "findAllByLabelText": [Function],
  "findAllByPlaceholderText": [Function],
  "findAllByRole": [Function],
  "findAllByTestId": [Function],
  "findAllByText": [Function],
  "findAllByTitle": [Function],
  "findByAltText": [Function],
  "findByDisplayValue": [Function],
  "findByLabelText": [Function],
  "findByPlaceholderText": [Function],
  "findByRole": [Function],
  "findByTestId": [Function],
  "findByText": [Function],
  "findByTitle": [Function],
  "getAllByAltText": [Function],
  "getAllByDisplayValue": [Function],
  "getAllByLabelText": [Function],
  "getAllByPlaceholderText": [Function],
  "getAllByRole": [Function],
  "getAllByTestId": [Function],
  "getAllByText": [Function],
  "getAllByTitle": [Function],
  "getByAltText": [Function],
  "getByDisplayValue": [Function],
  "getByLabelText": [Function],
  "getByPlaceholderText": [Function],
  "getByRole": [Function],
  "getByTestId": [Function],
  "getByText": [Function],
  "getByTitle": [Function],
  "queryAllByAltText": [Function],
  "queryAllByDisplayValue": [Function],
  "queryAllByLabelText": [Function],
  "queryAllByPlaceholderText": [Function],
  "queryAllByRole": [Function],
  "queryAllByTestId": [Function],
  "queryAllByText": [Function],
  "queryAllByTitle": [Function],
  "queryByAltText": [Function],
  "queryByDisplayValue": [Function],
  "queryByLabelText": [Function],
  "queryByPlaceholderText": [Function],
  "queryByRole": [Function],
  "queryByTestId": [Function],
  "queryByText": [Function],
  "queryByTitle": [Function],
  "rerender": [Function],
  "unmount": [Function],
}
`;

exports[`Message component renders correctly 1`] = `null`;
